<html>
<body>
<pre>
<h1>µVision Build Log</h1>
<h2>Tool Versions:</h2>
IDE-Version: ¦ÌVision V5.18.0.0
Copyright (C) 2016 ARM Ltd and ARM Germany GmbH. All rights reserved.
License Information: 1 AutoBVT, Microsoft, LIC=R4HJJ-UF70H-JM998-3M9MV-QS64E-5QYHB
 
Tool Versions:
Toolchain:       MDK-ARM Professional  Version: 5.18
Toolchain Path:  C:\Keil5\ARM\ARMCC\Bin
C Compiler:      Armcc.exe V5.06 update 1 (build 61)
Assembler:       Armasm.exe V5.06 update 1 (build 61)
Linker/Locator:  ArmLink.exe V5.06 update 1 (build 61)
Library Manager: ArmAr.exe V5.06 update 1 (build 61)
Hex Converter:   FromElf.exe V5.06 update 1 (build 61)
CPU DLL:         SARMCM3.DLL V5.18
Dialog DLL:      DCM.DLL V1.13.6.0
Target DLL:      STLink\ST-LINKIII-KEIL_SWO.dll V2.0.18.0
Dialog DLL:      TCM.DLL V1.14.8.0
 
<h2>Project:</h2>
E:\stm32_gongcheng\Robot_freeRTOS\MDK-ARM\Robot_freeRTOS.uvprojx
Project File Date:  10/04/2021

<h2>Output:</h2>
*** Using Compiler 'V5.06 update 1 (build 61)', folder: 'C:\Keil5\ARM\ARMCC\Bin'
Build target 'Robot_freeRTOS'
compiling freertos.c...
../Src/robot.h(125): warning:  #1-D: last line of file ends without a newline
  	
../Src/st7565.h(34): warning:  #1295-D: Deprecated declaration initial_lcd - give arg types
  void initial_lcd();//??Ê¼»¯
../Src/st7565.h(35): warning:  #1295-D: Deprecated declaration clear_screen - give arg types
  void clear_screen();//????
../Src/st7565.h(58): warning:  #1-D: last line of file ends without a newline
  #endif
../Src/pic.h(627): warning:  #1-D: last line of file ends without a newline
  #endif
../Src/freertos.c: 5 warnings, 0 errors
linking...
Program Size: Code=12056 RO-data=9668 RW-data=164 ZI-data=11812  
FromELF: creating hex file...
"Robot_freeRTOS\Robot_freeRTOS.axf" - 0 Error(s), 5 Warning(s).

<h2>Software Packages used:</h2>

Package Vendor: ARM
                http://www.keil.com/pack/ARM.CMSIS.4.5.0.pack
                ARM::CMSIS:CORE:4.3.0
                CMSIS (Cortex Microcontroller Software Interface Standard)
   * Component: CORE Version: 4.3.0

<h2>Collection of Component include folders:</h2>
  E:\stm32_gongcheng\Robot_freeRTOS\MDK-ARM\RTE
  C:\Keil5\ARM\PACK\ARM\CMSIS\4.5.0\CMSIS\Include
  C:\Keil5\ARM\PACK\Keil\STM32F1xx_DFP\2.3.0\Device\Include

<h2>Collection of Component Files used:</h2>

   * Component: ARM::CMSIS:CORE:4.3.0
Build Time Elapsed:  00:00:03
</pre>
</body>
</html>
